// Vitest Snapshot v1, https://vitest.dev/guide/snapshot.html

exports[`SkillBadge > matches snapshot 1`] = `
<span
  class="group/badge inline-flex w-fit shrink-0 items-center justify-center overflow-hidden rounded-4xl border border-transparent text-xs font-medium whitespace-nowrap focus-visible:border-ring focus-visible:ring-[3px] focus-visible:ring-ring/50 has-data-[icon=inline-end]:pr-1.5 has-data-[icon=inline-start]:pl-1.5 aria-invalid:border-destructive aria-invalid:ring-destructive/20 dark:aria-invalid:ring-destructive/40 [&>svg]:pointer-events-none [&>svg]:size-3! bg-secondary text-secondary-foreground [a]:hover:bg-secondary/80 hover:border-accent transition-colors cursor-default gap-1.5 h-auto py-1 px-2.5"
>
  Next.js
  <span
    class="text-muted-foreground font-normal text-[0.65rem]"
  >
    2
    yr
  </span>
</span>
`;
